[debug] [2026-05-13T23:44:20.289Z] ----------------------------------------------------------------------
[debug] [2026-05-13T23:44:20.290Z] Command:       C:\Program Files\nodejs\node.exe C:\Users\elcap\AppData\Local\pnpm\global\v11\118c-19e23b8f9f5\node_modules\firebase-tools\lib\bin\firebase.js init hosting
[debug] [2026-05-13T23:44:20.291Z] CLI Version:   15.17.0
[debug] [2026-05-13T23:44:20.291Z] Platform:      win32
[debug] [2026-05-13T23:44:20.291Z] Node Version:  v24.11.0
[debug] [2026-05-13T23:44:20.291Z] Time:          Wed May 13 2026 18:44:20 GMT-0500 (hora estándar de Colombia)
[debug] [2026-05-13T23:44:20.291Z] ----------------------------------------------------------------------
[debug] 
[debug] [2026-05-13T23:44:20.292Z] >>> [apiv2][query] GET https://firebase-public.firebaseio.com/cli.json [none]
[info] 
     ######## #### ########  ######## ########     ###     ######  ########
     ##        ##  ##     ## ##       ##     ##  ##   ##  ##       ##
     ######    ##  ########  ######   ########  #########  ######  ######
     ##        ##  ##    ##  ##       ##     ## ##     ##       ## ##
     ##       #### ##     ## ######## ########  ##     ##  ######  ########

You're about to initialize a Firebase project in this directory:

  C:\Users\elcap\Desktop\Proyectos\Pagina Multi 3 semestre

[debug] [2026-05-13T23:44:22.010Z] <<< [apiv2][status] GET https://firebase-public.firebaseio.com/cli.json 200
[debug] [2026-05-13T23:44:22.010Z] <<< [apiv2][body] GET https://firebase-public.firebaseio.com/cli.json {"cloudBuildErrorAfter":1594252800000,"cloudBuildWarnAfter":1590019200000,"defaultNode10After":1594252800000,"minVersion":"3.0.5","node8DeploysDisabledAfter":1613390400000,"node8RuntimeDisabledAfter":1615809600000,"node8WarnAfter":1600128000000}
[info] 
=== Project Setup
[info] 
[info] First, let's associate this project directory with a Firebase project.
[info] You can create multiple project aliases by running firebase use --add, 
[info] 
[debug] [2026-05-13T23:44:34.258Z] > command requires scopes: ["email","openid","https://www.googleapis.com/auth/cloudplatformprojects.readonly","https://www.googleapis.com/auth/firebase","https://www.googleapis.com/auth/cloud-platform"]
[debug] [2026-05-13T23:44:34.259Z] > authorizing via signed-in user (arnoldtrent359@gmail.com)
[debug] [2026-05-13T23:44:34.259Z] Checked if tokens are valid: false, expires at: 1778365558055
[debug] [2026-05-13T23:44:34.259Z] Checked if tokens are valid: false, expires at: 1778365558055
[debug] [2026-05-13T23:44:34.260Z] > refreshing access token with scopes: []
[debug] [2026-05-13T23:44:34.261Z] >>> [apiv2][query] POST https://www.googleapis.com/oauth2/v3/token [none]
[debug] [2026-05-13T23:44:34.261Z] >>> [apiv2][body] POST https://www.googleapis.com/oauth2/v3/token [omitted]
[debug] [2026-05-13T23:44:34.502Z] <<< [apiv2][status] POST https://www.googleapis.com/oauth2/v3/token 200
[debug] [2026-05-13T23:44:34.502Z] <<< [apiv2][body] POST https://www.googleapis.com/oauth2/v3/token [omitted]
[debug] [2026-05-13T23:44:34.516Z] >>> [apiv2][query] GET https://firebase.googleapis.com/v1beta1/projects pageSize=100
[debug] [2026-05-13T23:44:35.088Z] <<< [apiv2][status] GET https://firebase.googleapis.com/v1beta1/projects 200
[debug] [2026-05-13T23:44:35.088Z] <<< [apiv2][body] GET https://firebase.googleapis.com/v1beta1/projects [omitted]
[debug] [2026-05-13T23:46:04.910Z] ExitPromptError: User force closed the prompt with SIGINT
    at Interface.sigint (C:\Users\elcap\AppData\Local\pnpm\store\v11\links\@inquirer\core\10.3.2\18988403a4b5d4cb3c87414ea06dc9ff920d1ee43d4fc8084929744b919431a4\node_modules\@inquirer\core\dist\commonjs\lib\create-prompt.js:101:37)
    at Interface.emit (node:events:508:28)
    at [_ttyWrite] [as _ttyWrite] (node:internal/readline/interface:1317:18)
    at ReadStream.onkeypress (node:internal/readline/interface:284:20)
    at ReadStream.emit (node:events:520:35)
    at emitKeys (node:internal/readline/utils:371:14)
    at emitKeys.next (<anonymous>)
    at ReadStream.onData (node:internal/readline/emitKeypressEvents:64:36)
    at ReadStream.emit (node:events:508:28)
    at addChunk (node:internal/streams/readable:559:12)
[error] 
[error] Error: An unexpected error has occurred.
